[page6.nicepage.io/index8bd0.html]
[backblue.gif]
[fade.gif]
[index.html]
[capp.nicepage.com/6fb8b88c13bbf87b46b432ba420580e16eea067a/nicepage.css]
[page6.nicepage.io/Home.css]
[capp.nicepage.com/6fb8b88c13bbf87b46b432ba420580e16eea067a/nicepage.js]
[capp.nicepage.com/assets/jquery-3.5.1.min.js]
[page6.nicepage.io/nicepage-site.css]
[assets.nicepagecdn.com/4ce1eba4/5160369/images/c9dac52d8ef245b495f04b6529261c001.png]
[page6.nicepage.io/Home.html]
[page6.nicepage.io/Reviews.html]
[page6.nicepage.io/Decorating.html]
[page6.nicepage.io/Flooring.html]
[page6.nicepage.io/Bathroom.html]
[assets.nicepagecdn.com/4ce1eba4/5160369/images/2871269-f1771644.png]
[assets.nicepagecdn.com/4ce1eba4/5160369/images/422315-c4814722.png]
[assets.nicepagecdn.com/4ce1eba4/5160369/images/3130222-83520a39.png]
[assets.nicepagecdn.com/4ce1eba4/5160369/images/4003176-af1f11ec.png]
[assets.nicepagecdn.com/4ce1eba4/5160369/images/733585.png]
[page6.nicepage.io/index8bd0.html]
[capp.nicepage.com/6fb8b88c13bbf87b46b432ba420580e16eea067a/nicepage.css]
[page6.nicepage.io/nicepage-site.css]
[assets.nicepagecdn.com/4ce1eba4/5160369/images/267590551-01.jpg]
[assets.nicepagecdn.com/4ce1eba4/5160369/images/e41ccf0d3fcdcddaaecd25f2821c4ad659202e6958635214091bc6227c75e080d58334c6950f4236f7dcb0688fd11d79fe4d831a7937ae8334c72c_1280.jpg]
[assets.nicepagecdn.com/4ce1eba4/5160369/images/part-male-construction-worker1.jpg]
[images01.nicepagecdn.com/c461c07a441a5d220e8feb1a/612228ed7af6556a85858da8/44.jpg]
[assets.nicepagecdn.com/4ce1eba4/5160369/images/e5f16f3c5460e6e77594c867191035a482c69adb1e35ca5812844a4870fa61bd76965e6128f93dc3aa8c1ede42df9b9de15ff519c17135c847233f_1280.jpg]
[assets.nicepagecdn.com/4ce1eba4/5160369/images/retro-black-alarm-clock-dissolving-into-little-particles-time-can-return-never-wait-anyone-time-management-concept1.jpg]
[assets.nicepagecdn.com/4ce1eba4/5160369/images/267590551-0.jpg]
[images01.nicepagecdn.com/c461c07a441a5d220e8feb1a/cd3a4a929cf9564a9cf55fc4/nmmn-min.jpg]
[page6.nicepage.io/Home.css]
[page6.nicepage.io/Content/BundledScripts/index.html]
[page6.nicepage.io/signature.png]
[page6.nicepage.io/ABCDEFGHIJKLMNOPQRSTUVWXYZabcdefghijklmnopqrstuvwxyz0123456789+/index.html]
[capp.nicepage.com/6fb8b88c13bbf87b46b432ba420580e16eea067a/nicepage.js]
[page6.nicepage.io/Home.html]
[page6.nicepage.io/Reviews.css]
[assets.nicepagecdn.com/4ce1eba4/5160369/images/Checkatrade_Logo_2023.svg.png]
[assets.nicepagecdn.com/4ce1eba4/5160369/images/Trustpilot_Logo_2022.svg.png]
[page6.nicepage.io/Reviews.html]
[assets.nicepagecdn.com/4ce1eba4/5160369/images/Yell_CMYK.png]
[page6.nicepage.io/Decorating.css]
[assets.nicepagecdn.com/4ce1eba4/5160369/images/02-6__.jpg]
[assets.nicepagecdn.com/4ce1eba4/5160369/images/02-14_.jpg]
[assets.nicepagecdn.com/4ce1eba4/5160369/images/02-11_.png]
[assets.nicepagecdn.com/4ce1eba4/5160369/images/02-13_1.jpg]
[assets.nicepagecdn.com/4ce1eba4/5160369/images/13-1_.jpg]
[assets.nicepagecdn.com/4ce1eba4/5160369/images/13-4_.jpg]
[assets.nicepagecdn.com/4ce1eba4/5160369/images/37_.jpg]
[assets.nicepagecdn.com/4ce1eba4/5160369/images/47_.jpg]
[assets.nicepagecdn.com/4ce1eba4/5160369/images/42_.jpg]
[assets.nicepagecdn.com/4ce1eba4/5160369/images/35_.jpg]
[assets.nicepagecdn.com/4ce1eba4/5160369/images/5-8_.jpg]
[assets.nicepagecdn.com/4ce1eba4/5160369/images/5-1_.png]
[assets.nicepagecdn.com/4ce1eba4/5160369/images/02-28-1_.jpg]
[assets.nicepagecdn.com/4ce1eba4/5160369/images/4-1_.jpg]
[assets.nicepagecdn.com/4ce1eba4/5160369/images/4-8_.jpg]
[assets.nicepagecdn.com/4ce1eba4/5160369/images/06-8_.jpg]
[assets.nicepagecdn.com/4ce1eba4/5160369/images/13_.jpg]
[assets.nicepagecdn.com/4ce1eba4/5160369/images/9_1.jpg]
[assets.nicepagecdn.com/4ce1eba4/5160369/images/f2.jpg]
[assets.nicepagecdn.com/4ce1eba4/5160369/images/1.jpg]
[assets.nicepagecdn.com/4ce1eba4/5160369/images/2.jpg]
[assets.nicepagecdn.com/4ce1eba4/5160369/images/7.jpg]
[assets.nicepagecdn.com/4ce1eba4/5160369/images/24.jpg]
[assets.nicepagecdn.com/4ce1eba4/5160369/images/29.jpg]
[assets.nicepagecdn.com/4ce1eba4/5160369/images/12.jpg]
[assets.nicepagecdn.com/4ce1eba4/5160369/images/18.jpg]
[assets.nicepagecdn.com/4ce1eba4/5160369/images/f4.jpg]
[assets.nicepagecdn.com/4ce1eba4/5160369/images/09-1_.jpg]
[assets.nicepagecdn.com/4ce1eba4/5160369/images/11-4_.jpg]
[assets.nicepagecdn.com/4ce1eba4/5160369/images/10-1_1.jpg]
[assets.nicepagecdn.com/4ce1eba4/5160369/images/12-1_.jpg]
[assets.nicepagecdn.com/4ce1eba4/5160369/images/07-2.jpg]
[page6.nicepage.io/Decorating.html]
[page6.nicepage.io/Flooring.css]
[assets.nicepagecdn.com/4ce1eba4/5160369/images/Hardwood-Flooring-Cost.jpg]
[assets.nicepagecdn.com/4ce1eba4/5160369/images/03-22_1.jpg]
[assets.nicepagecdn.com/4ce1eba4/5160369/images/03-10_1.jpg]
[assets.nicepagecdn.com/4ce1eba4/5160369/images/03-14_.jpg]
[assets.nicepagecdn.com/4ce1eba4/5160369/images/03-6_.jpg]
[assets.nicepagecdn.com/4ce1eba4/5160369/images/Photo-10-10-2018-23-03-56-1_.jpg]
[assets.nicepagecdn.com/4ce1eba4/5160369/images/Photo-01-03-2014-11-20-16_.jpg]
[assets.nicepagecdn.com/4ce1eba4/5160369/images/02-5_.jpg]
[assets.nicepagecdn.com/4ce1eba4/5160369/images/01-12.jpg]
[assets.nicepagecdn.com/4ce1eba4/5160369/images/01-9_.jpg]
[assets.nicepagecdn.com/4ce1eba4/5160369/images/01-41.jpg]
[assets.nicepagecdn.com/4ce1eba4/5160369/images/01-31.jpg]
[assets.nicepagecdn.com/4ce1eba4/5160369/images/01-42.jpg]
[assets.nicepagecdn.com/4ce1eba4/5160369/images/01-411.jpg]
[assets.nicepagecdn.com/4ce1eba4/5160369/images/01-11_.jpg]
[assets.nicepagecdn.com/4ce1eba4/5160369/images/Photo-12-11-2013-15-08-49_.jpg]
[assets.nicepagecdn.com/4ce1eba4/5160369/images/471.jpg]
[assets.nicepagecdn.com/4ce1eba4/5160369/images/gallery-2_.jpg]
[assets.nicepagecdn.com/4ce1eba4/5160369/images/IMG_4659.jpg]
[assets.nicepagecdn.com/4ce1eba4/5160369/images/IMG_5354.jpg]
[assets.nicepagecdn.com/4ce1eba4/5160369/images/IMG_5355.jpg]
[assets.nicepagecdn.com/4ce1eba4/5160369/images/21.jpg]
[assets.nicepagecdn.com/4ce1eba4/5160369/images/5_.jpg]
[assets.nicepagecdn.com/4ce1eba4/5160369/images/work-5.jpg]
[page6.nicepage.io/Flooring.html]
[page6.nicepage.io/Bathroom.css]
[assets.nicepagecdn.com/4ce1eba4/5160369/images/maxresdefault.jpg]
[assets.nicepagecdn.com/4ce1eba4/5160369/images/14-1_.jpg]
[assets.nicepagecdn.com/4ce1eba4/5160369/images/02-4_.jpg]
[assets.nicepagecdn.com/4ce1eba4/5160369/images/08-1_.jpg]
[assets.nicepagecdn.com/4ce1eba4/5160369/images/06-1_.jpg]
[assets.nicepagecdn.com/4ce1eba4/5160369/images/13-1_1.jpg]
[assets.nicepagecdn.com/4ce1eba4/5160369/images/07-1_.jpg]
[assets.nicepagecdn.com/4ce1eba4/5160369/images/09-1_1.jpg]
[assets.nicepagecdn.com/4ce1eba4/5160369/images/11-1_.jpg]
[assets.nicepagecdn.com/4ce1eba4/5160369/images/01-2_.jpg]
[assets.nicepagecdn.com/4ce1eba4/5160369/images/3.jpg]
[assets.nicepagecdn.com/4ce1eba4/5160369/images/38.jpg]
[page6.nicepage.io/Bathroom.html]
[page6.nicepage.io/Content/BundledScripts/index.html]
[page6.nicepage.io/ABCDEFGHIJKLMNOPQRSTUVWXYZabcdefghijklmnopqrstuvwxyz0123456789+/index.html]
[page6.nicepage.io/signature.html]
[assets.nicepagecdn.com/4ce1eba4/5160369/images/cb122fd9177960d3328cc49ced2c15355451d8ed5f22765f72072e2f1adce68b9e6dce5021f5cbd470c4e8ba4e1b4579123fee85656bdecc1277a7_1280.png]
[page6.nicepage.io/Reviews.css]
[images03.nicepagecdn.com/c461c07a441a5d220e8feb1a/709f1dd25f4c5a32a58d7e19/fmin.jpg]
[page6.nicepage.io/Decorating.css]
[page6.nicepage.io/Flooring.css]
[assets.nicepagecdn.com/4ce1eba4/5160369/images/premier-14mm-x-125mm-oak-lacquered-engineered-real-wood-flooring-sku-169982-p57831-235008_image.jpg]
[assets.nicepagecdn.com/4ce1eba4/5160369/images/home-decorators-collection-bathroom-vanities-with-tops-19112-vs31-ag-64_1000.jpg]
[page6.nicepage.io/Bathroom.css]
